// Jest Snapshot v1, https://goo.gl/fbAQLP

exports[`it renders correctly 1`] = `
Array [
  <div
    className="root"
  >
    <button
      aria-label="Toggle My Account Menu"
      className="trigger"
      onClick={[MockFunction handleTriggerClick]}
    >
      <Account Chip
        fallbackText="Sign In"
        shouldIndicateLoading={true}
      />
    </button>
  </div>,
  <Account Menu
    VIEWS={
      Object {
        "ACCOUNT": "ACCOUNT",
        "CREATE_ACCOUNT": "CREATE_ACCOUNT",
        "FORGOT_PASSWORD": "FORGOT_PASSWORD",
        "SIGNIN": "SINGIN",
      }
    }
    handleSignOut={[MockFunction handleSignOut]}
    isOpen={false}
  />,
]
`;
