// Jest Snapshot v1, https://goo.gl/fbAQLP

exports[`should return correct shape 1`] = `
Object {
  "accountMenuIsOpen": false,
  "accountMenuRef": "elementRef",
  "accountMenuTriggerRef": [MockFunction],
  "handleCreateAccount": [Function],
  "handleForgotPassword": [Function],
  "handleSignOut": [Function],
  "handleTriggerClick": [Function],
  "isUserSignedIn": false,
  "setUsername": [Function],
  "username": "",
  "view": "SIGNIN",
}
`;
